  Determining projects to restore...
C:\Users\ASUS\.gemini\antigravity\scratch\VehicleVisionOCR\src\VehicleVisionOCR.OCR.Tesseract\VehicleVisionOCR.OCR.Tesseract.csproj : warning NU1904: Package 'System.Drawing.Common' 4.5.0 has a known critical severity vulnerability, https://github.com/advisories/GHSA-rxg9-xrhp-64gj [C:\Users\ASUS\.gemini\antigravity\scratch\VehicleVisionOCR\tests\VehicleVisionOCR.Backend.Tests\VehicleVisionOCR.Backend.Tests.csproj]
C:\Users\ASUS\.gemini\antigravity\scratch\VehicleVisionOCR\apps\backend-dotnet\VehicleVisionOCR.Backend.csproj : warning NU1903: Package 'SQLitePCLRaw.lib.e_sqlite3' 2.1.11 has a known high severity vulnerability, https://github.com/advisories/GHSA-2m69-gcr7-jv3q [C:\Users\ASUS\.gemini\antigravity\scratch\VehicleVisionOCR\tests\VehicleVisionOCR.Backend.Tests\VehicleVisionOCR.Backend.Tests.csproj]
C:\Users\ASUS\.gemini\antigravity\scratch\VehicleVisionOCR\src\VehicleVisionOCR.Infrastructure\VehicleVisionOCR.Infrastructure.csproj : warning NU1903: Package 'SQLitePCLRaw.lib.e_sqlite3' 2.1.11 has a known high severity vulnerability, https://github.com/advisories/GHSA-2m69-gcr7-jv3q [C:\Users\ASUS\.gemini\antigravity\scratch\VehicleVisionOCR\tests\VehicleVisionOCR.Backend.Tests\VehicleVisionOCR.Backend.Tests.csproj]
C:\Users\ASUS\.gemini\antigravity\scratch\VehicleVisionOCR\tests\VehicleVisionOCR.Backend.Tests\VehicleVisionOCR.Backend.Tests.csproj : warning NU1903: Package 'SQLitePCLRaw.lib.e_sqlite3' 2.1.11 has a known high severity vulnerability, https://github.com/advisories/GHSA-2m69-gcr7-jv3q
C:\Users\ASUS\.gemini\antigravity\scratch\VehicleVisionOCR\apps\backend-dotnet\VehicleVisionOCR.Backend.csproj : warning NU1904: Package 'System.Drawing.Common' 4.5.0 has a known critical severity vulnerability, https://github.com/advisories/GHSA-rxg9-xrhp-64gj [C:\Users\ASUS\.gemini\antigravity\scratch\VehicleVisionOCR\tests\VehicleVisionOCR.Backend.Tests\VehicleVisionOCR.Backend.Tests.csproj]
C:\Users\ASUS\.gemini\antigravity\scratch\VehicleVisionOCR\tests\VehicleVisionOCR.Backend.Tests\VehicleVisionOCR.Backend.Tests.csproj : warning NU1904: Package 'System.Drawing.Common' 4.5.0 has a known critical severity vulnerability, https://github.com/advisories/GHSA-rxg9-xrhp-64gj
  All projects are up-to-date for restore.
C:\Users\ASUS\.gemini\antigravity\scratch\VehicleVisionOCR\tests\VehicleVisionOCR.Backend.Tests\VehicleVisionOCR.Backend.Tests.csproj : warning NU1903: Package 'SQLitePCLRaw.lib.e_sqlite3' 2.1.11 has a known high severity vulnerability, https://github.com/advisories/GHSA-2m69-gcr7-jv3q
C:\Users\ASUS\.gemini\antigravity\scratch\VehicleVisionOCR\tests\VehicleVisionOCR.Backend.Tests\VehicleVisionOCR.Backend.Tests.csproj : warning NU1904: Package 'System.Drawing.Common' 4.5.0 has a known critical severity vulnerability, https://github.com/advisories/GHSA-rxg9-xrhp-64gj
C:\Users\ASUS\.gemini\antigravity\scratch\VehicleVisionOCR\src\VehicleVisionOCR.OCR.Tesseract\VehicleVisionOCR.OCR.Tesseract.csproj : warning NU1904: Package 'System.Drawing.Common' 4.5.0 has a known critical severity vulnerability, https://github.com/advisories/GHSA-rxg9-xrhp-64gj
C:\Users\ASUS\.gemini\antigravity\scratch\VehicleVisionOCR\src\VehicleVisionOCR.Infrastructure\VehicleVisionOCR.Infrastructure.csproj : warning NU1903: Package 'SQLitePCLRaw.lib.e_sqlite3' 2.1.11 has a known high severity vulnerability, https://github.com/advisories/GHSA-2m69-gcr7-jv3q
C:\Users\ASUS\.gemini\antigravity\scratch\VehicleVisionOCR\apps\backend-dotnet\VehicleVisionOCR.Backend.csproj : warning NU1903: Package 'SQLitePCLRaw.lib.e_sqlite3' 2.1.11 has a known high severity vulnerability, https://github.com/advisories/GHSA-2m69-gcr7-jv3q
C:\Users\ASUS\.gemini\antigravity\scratch\VehicleVisionOCR\apps\backend-dotnet\VehicleVisionOCR.Backend.csproj : warning NU1904: Package 'System.Drawing.Common' 4.5.0 has a known critical severity vulnerability, https://github.com/advisories/GHSA-rxg9-xrhp-64gj
  VehicleVisionOCR.Domain -> C:\Users\ASUS\.gemini\antigravity\scratch\VehicleVisionOCR\src\VehicleVisionOCR.Domain\bin\Debug\net10.0\VehicleVisionOCR.Domain.dll
  VehicleVisionOCR.Shared -> C:\Users\ASUS\.gemini\antigravity\scratch\VehicleVisionOCR\src\VehicleVisionOCR.Shared\bin\Debug\net10.0\VehicleVisionOCR.Shared.dll
  VehicleVisionOCR.Application -> C:\Users\ASUS\.gemini\antigravity\scratch\VehicleVisionOCR\src\VehicleVisionOCR.Application\bin\Debug\net10.0\VehicleVisionOCR.Application.dll
  VehicleVisionOCR.OCR.Core -> C:\Users\ASUS\.gemini\antigravity\scratch\VehicleVisionOCR\src\VehicleVisionOCR.OCR.Core\bin\Debug\net10.0\VehicleVisionOCR.OCR.Core.dll
  VehicleVisionOCR.Scanner.Core -> C:\Users\ASUS\.gemini\antigravity\scratch\VehicleVisionOCR\src\VehicleVisionOCR.Scanner.Core\bin\Debug\net10.0\VehicleVisionOCR.Scanner.Core.dll
  VehicleVisionOCR.Infrastructure -> C:\Users\ASUS\.gemini\antigravity\scratch\VehicleVisionOCR\src\VehicleVisionOCR.Infrastructure\bin\Debug\net10.0\VehicleVisionOCR.Infrastructure.dll
  VehicleVisionOCR.Scanner.MobileWeb -> C:\Users\ASUS\.gemini\antigravity\scratch\VehicleVisionOCR\src\VehicleVisionOCR.Scanner.MobileWeb\bin\Debug\net10.0\VehicleVisionOCR.Scanner.MobileWeb.dll
  VehicleVisionOCR.Scanner.ZebraWindows -> C:\Users\ASUS\.gemini\antigravity\scratch\VehicleVisionOCR\src\VehicleVisionOCR.Scanner.ZebraWindows\bin\Debug\net10.0\VehicleVisionOCR.Scanner.ZebraWindows.dll
  VehicleVisionOCR.OCR.Tesseract -> C:\Users\ASUS\.gemini\antigravity\scratch\VehicleVisionOCR\src\VehicleVisionOCR.OCR.Tesseract\bin\Debug\net10.0\VehicleVisionOCR.OCR.Tesseract.dll
  VehicleVisionOCR.Scanner.Emulator -> C:\Users\ASUS\.gemini\antigravity\scratch\VehicleVisionOCR\src\VehicleVisionOCR.Scanner.Emulator\bin\Debug\net10.0\VehicleVisionOCR.Scanner.Emulator.dll
  VehicleVisionOCR.Backend -> C:\Users\ASUS\.gemini\antigravity\scratch\VehicleVisionOCR\apps\backend-dotnet\bin\Debug\net10.0\VehicleVisionOCR.Backend.dll
C:\Users\ASUS\.gemini\antigravity\scratch\VehicleVisionOCR\tests\VehicleVisionOCR.Backend.Tests\OcrCorrection\VinScoringServiceTests.cs(14,24): error CS7036: There is no argument given that corresponds to the required parameter 'options' of 'VinScoringService.VinScoringService(IOptions<OcrCorrectionOptions>)' [C:\Users\ASUS\.gemini\antigravity\scratch\VehicleVisionOCR\tests\VehicleVisionOCR.Backend.Tests\VehicleVisionOCR.Backend.Tests.csproj]
C:\Users\ASUS\.gemini\antigravity\scratch\VehicleVisionOCR\tests\VehicleVisionOCR.Backend.Tests\OcrCorrection\VinCheckDigitCalculatorTests.cs(41,64): warning CS8625: Cannot convert null literal to non-nullable reference type. [C:\Users\ASUS\.gemini\antigravity\scratch\VehicleVisionOCR\tests\VehicleVisionOCR.Backend.Tests\VehicleVisionOCR.Backend.Tests.csproj]
C:\Users\ASUS\.gemini\antigravity\scratch\VehicleVisionOCR\tests\VehicleVisionOCR.Backend.Tests\OcrCorrection\VinCheckDigitCalculatorTests.cs(28,21): warning CA1707: Remove the underscores from member name VehicleVisionOCR.Backend.Tests.OcrCorrection.VinCheckDigitCalculatorTests.Validate_ShouldReturnFalseForShortVin() (https://learn.microsoft.com/dotnet/fundamentals/code-analysis/quality-rules/ca1707) [C:\Users\ASUS\.gemini\antigravity\scratch\VehicleVisionOCR\tests\VehicleVisionOCR.Backend.Tests\VehicleVisionOCR.Backend.Tests.csproj]
C:\Users\ASUS\.gemini\antigravity\scratch\VehicleVisionOCR\tests\VehicleVisionOCR.Backend.Tests\OcrCorrection\VinCheckDigitCalculatorTests.cs(18,21): warning CA1707: Remove the underscores from member name VehicleVisionOCR.Backend.Tests.OcrCorrection.VinCheckDigitCalculatorTests.Validate_ShouldReturnCorrectResultForRealVins(string, bool) (https://learn.microsoft.com/dotnet/fundamentals/code-analysis/quality-rules/ca1707) [C:\Users\ASUS\.gemini\antigravity\scratch\VehicleVisionOCR\tests\VehicleVisionOCR.Backend.Tests\VehicleVisionOCR.Backend.Tests.csproj]
C:\Users\ASUS\.gemini\antigravity\scratch\VehicleVisionOCR\tests\VehicleVisionOCR.Backend.Tests\OcrCorrection\VinScoringServiceTests.cs(18,21): warning CA1707: Remove the underscores from member name VehicleVisionOCR.Backend.Tests.OcrCorrection.VinScoringServiceTests.ScoreCandidate_PerfectVin_ShouldScoreCloseTo100() (https://learn.microsoft.com/dotnet/fundamentals/code-analysis/quality-rules/ca1707) [C:\Users\ASUS\.gemini\antigravity\scratch\VehicleVisionOCR\tests\VehicleVisionOCR.Backend.Tests\VehicleVisionOCR.Backend.Tests.csproj]
C:\Users\ASUS\.gemini\antigravity\scratch\VehicleVisionOCR\tests\VehicleVisionOCR.Backend.Tests\OcrCorrection\VinNormalizerTests.cs(17,21): warning CA1707: Remove the underscores from member name VehicleVisionOCR.Backend.Tests.OcrCorrection.VinNormalizerTests.NormalizeUniversalRules_ShouldRemoveSpacesAndDashes() (https://learn.microsoft.com/dotnet/fundamentals/code-analysis/quality-rules/ca1707) [C:\Users\ASUS\.gemini\antigravity\scratch\VehicleVisionOCR\tests\VehicleVisionOCR.Backend.Tests\VehicleVisionOCR.Backend.Tests.csproj]
C:\Users\ASUS\.gemini\antigravity\scratch\VehicleVisionOCR\tests\VehicleVisionOCR.Backend.Tests\OcrCorrection\VinCheckDigitCalculatorTests.cs(38,21): warning CA1707: Remove the underscores from member name VehicleVisionOCR.Backend.Tests.OcrCorrection.VinCheckDigitCalculatorTests.Validate_ShouldReturnFalseForNullOrEmpty() (https://learn.microsoft.com/dotnet/fundamentals/code-analysis/quality-rules/ca1707) [C:\Users\ASUS\.gemini\antigravity\scratch\VehicleVisionOCR\tests\VehicleVisionOCR.Backend.Tests\VehicleVisionOCR.Backend.Tests.csproj]
C:\Users\ASUS\.gemini\antigravity\scratch\VehicleVisionOCR\tests\VehicleVisionOCR.Backend.Tests\OcrCorrection\VinNormalizerTests.cs(33,21): warning CA1707: Remove the underscores from member name VehicleVisionOCR.Backend.Tests.OcrCorrection.VinNormalizerTests.NormalizeUniversalRules_ShouldNotConvertInvalidLettersToNumbers(string, string) (https://learn.microsoft.com/dotnet/fundamentals/code-analysis/quality-rules/ca1707) [C:\Users\ASUS\.gemini\antigravity\scratch\VehicleVisionOCR\tests\VehicleVisionOCR.Backend.Tests\VehicleVisionOCR.Backend.Tests.csproj]
C:\Users\ASUS\.gemini\antigravity\scratch\VehicleVisionOCR\tests\VehicleVisionOCR.Backend.Tests\OcrCorrection\VinCheckDigitCalculatorTests.cs(52,21): warning CA1707: Remove the underscores from member name VehicleVisionOCR.Backend.Tests.OcrCorrection.VinCheckDigitCalculatorTests.Validate_ShouldReturnFalseForVinWithInvalidCharacters() (https://learn.microsoft.com/dotnet/fundamentals/code-analysis/quality-rules/ca1707) [C:\Users\ASUS\.gemini\antigravity\scratch\VehicleVisionOCR\tests\VehicleVisionOCR.Backend.Tests\VehicleVisionOCR.Backend.Tests.csproj]
C:\Users\ASUS\.gemini\antigravity\scratch\VehicleVisionOCR\tests\VehicleVisionOCR.Backend.Tests\OcrCorrection\VinScoringServiceTests.cs(34,21): warning CA1707: Remove the underscores from member name VehicleVisionOCR.Backend.Tests.OcrCorrection.VinScoringServiceTests.ScoreCandidate_InvalidCheckDigit_ShouldApplyPenalty() (https://learn.microsoft.com/dotnet/fundamentals/code-analysis/quality-rules/ca1707) [C:\Users\ASUS\.gemini\antigravity\scratch\VehicleVisionOCR\tests\VehicleVisionOCR.Backend.Tests\VehicleVisionOCR.Backend.Tests.csproj]
C:\Users\ASUS\.gemini\antigravity\scratch\VehicleVisionOCR\tests\VehicleVisionOCR.Backend.Tests\OcrCorrection\VinCandidateGeneratorTests.cs(38,27): warning CA1707: Remove the underscores from member name VehicleVisionOCR.Backend.Tests.OcrCorrection.VinCandidateGeneratorTests.GenerateCandidatesAsync_ShouldReturnBaseCandidate_WhenNoAmbiguity() (https://learn.microsoft.com/dotnet/fundamentals/code-analysis/quality-rules/ca1707) [C:\Users\ASUS\.gemini\antigravity\scratch\VehicleVisionOCR\tests\VehicleVisionOCR.Backend.Tests\VehicleVisionOCR.Backend.Tests.csproj]
C:\Users\ASUS\.gemini\antigravity\scratch\VehicleVisionOCR\tests\VehicleVisionOCR.Backend.Tests\OcrCorrection\VinNormalizerTests.cs(44,21): warning CA1707: Remove the underscores from member name VehicleVisionOCR.Backend.Tests.OcrCorrection.VinNormalizerTests.NormalizeStructuralRules_ShouldNotModifyValidVin() (https://learn.microsoft.com/dotnet/fundamentals/code-analysis/quality-rules/ca1707) [C:\Users\ASUS\.gemini\antigravity\scratch\VehicleVisionOCR\tests\VehicleVisionOCR.Backend.Tests\VehicleVisionOCR.Backend.Tests.csproj]
C:\Users\ASUS\.gemini\antigravity\scratch\VehicleVisionOCR\tests\VehicleVisionOCR.Backend.Tests\OcrCorrection\VinScoringServiceTests.cs(50,21): warning CA1707: Remove the underscores from member name VehicleVisionOCR.Backend.Tests.OcrCorrection.VinScoringServiceTests.ScoreCandidate_UnknownWMI_ShouldNotGiveBonus() (https://learn.microsoft.com/dotnet/fundamentals/code-analysis/quality-rules/ca1707) [C:\Users\ASUS\.gemini\antigravity\scratch\VehicleVisionOCR\tests\VehicleVisionOCR.Backend.Tests\VehicleVisionOCR.Backend.Tests.csproj]
C:\Users\ASUS\.gemini\antigravity\scratch\VehicleVisionOCR\tests\VehicleVisionOCR.Backend.Tests\OcrCorrection\ColorCorrectionStrategyTests.cs(41,27): warning CA1707: Remove the underscores from member name VehicleVisionOCR.Backend.Tests.OcrCorrection.ColorCorrectionStrategyTests.CorrectAsync_ShouldReturnExactMatch() (https://learn.microsoft.com/dotnet/fundamentals/code-analysis/quality-rules/ca1707) [C:\Users\ASUS\.gemini\antigravity\scratch\VehicleVisionOCR\tests\VehicleVisionOCR.Backend.Tests\VehicleVisionOCR.Backend.Tests.csproj]
C:\Users\ASUS\.gemini\antigravity\scratch\VehicleVisionOCR\tests\VehicleVisionOCR.Backend.Tests\OcrCorrection\VinNormalizerTests.cs(59,21): warning CA1707: Remove the underscores from member name VehicleVisionOCR.Backend.Tests.OcrCorrection.VinNormalizerTests.NormalizeStructuralRules_ShouldPreserveRawTextForConfusionMatrix(string) (https://learn.microsoft.com/dotnet/fundamentals/code-analysis/quality-rules/ca1707) [C:\Users\ASUS\.gemini\antigravity\scratch\VehicleVisionOCR\tests\VehicleVisionOCR.Backend.Tests\VehicleVisionOCR.Backend.Tests.csproj]
C:\Users\ASUS\.gemini\antigravity\scratch\VehicleVisionOCR\tests\VehicleVisionOCR.Backend.Tests\OcrCorrection\OcrCorrectionCoordinatorTests.cs(33,27): warning CA1707: Remove the underscores from member name VehicleVisionOCR.Backend.Tests.OcrCorrection.OcrCorrectionCoordinatorTests.ProcessFieldAsync_ShouldRouteToCorrectStrategy() (https://learn.microsoft.com/dotnet/fundamentals/code-analysis/quality-rules/ca1707) [C:\Users\ASUS\.gemini\antigravity\scratch\VehicleVisionOCR\tests\VehicleVisionOCR.Backend.Tests\VehicleVisionOCR.Backend.Tests.csproj]
C:\Users\ASUS\.gemini\antigravity\scratch\VehicleVisionOCR\tests\VehicleVisionOCR.Backend.Tests\OcrCorrection\ColorCorrectionStrategyTests.cs(54,27): warning CA1707: Remove the underscores from member name VehicleVisionOCR.Backend.Tests.OcrCorrection.ColorCorrectionStrategyTests.CorrectAsync_ShouldReturnContainsMatch() (https://learn.microsoft.com/dotnet/fundamentals/code-analysis/quality-rules/ca1707) [C:\Users\ASUS\.gemini\antigravity\scratch\VehicleVisionOCR\tests\VehicleVisionOCR.Backend.Tests\VehicleVisionOCR.Backend.Tests.csproj]
C:\Users\ASUS\.gemini\antigravity\scratch\VehicleVisionOCR\tests\VehicleVisionOCR.Backend.Tests\OcrCorrection\OcrCorrectionCoordinatorTests.cs(48,27): warning CA1707: Remove the underscores from member name VehicleVisionOCR.Backend.Tests.OcrCorrection.OcrCorrectionCoordinatorTests.ProcessFieldAsync_ShouldReturnPassthroughResult_WhenStrategyIsMissing() (https://learn.microsoft.com/dotnet/fundamentals/code-analysis/quality-rules/ca1707) [C:\Users\ASUS\.gemini\antigravity\scratch\VehicleVisionOCR\tests\VehicleVisionOCR.Backend.Tests\VehicleVisionOCR.Backend.Tests.csproj]
C:\Users\ASUS\.gemini\antigravity\scratch\VehicleVisionOCR\tests\VehicleVisionOCR.Backend.Tests\OcrCorrection\ColorCorrectionStrategyTests.cs(66,27): warning CA1707: Remove the underscores from member name VehicleVisionOCR.Backend.Tests.OcrCorrection.ColorCorrectionStrategyTests.CorrectAsync_ShouldReturnTokenMatch() (https://learn.microsoft.com/dotnet/fundamentals/code-analysis/quality-rules/ca1707) [C:\Users\ASUS\.gemini\antigravity\scratch\VehicleVisionOCR\tests\VehicleVisionOCR.Backend.Tests\VehicleVisionOCR.Backend.Tests.csproj]
C:\Users\ASUS\.gemini\antigravity\scratch\VehicleVisionOCR\tests\VehicleVisionOCR.Backend.Tests\OcrCorrection\VinCorrectionStrategyTests.cs(52,27): warning CA1707: Remove the underscores from member name VehicleVisionOCR.Backend.Tests.OcrCorrection.VinCorrectionStrategyTests.CorrectAsync_ShouldReturnValidResult_ForPerfectVin() (https://learn.microsoft.com/dotnet/fundamentals/code-analysis/quality-rules/ca1707) [C:\Users\ASUS\.gemini\antigravity\scratch\VehicleVisionOCR\tests\VehicleVisionOCR.Backend.Tests\VehicleVisionOCR.Backend.Tests.csproj]
C:\Users\ASUS\.gemini\antigravity\scratch\VehicleVisionOCR\tests\VehicleVisionOCR.Backend.Tests\OcrCorrection\VinCandidateGeneratorTests.cs(52,27): warning CA1707: Remove the underscores from member name VehicleVisionOCR.Backend.Tests.OcrCorrection.VinCandidateGeneratorTests.GenerateCandidatesAsync_ShouldGenerateCombinations_ForAmbiguousCharacters() (https://learn.microsoft.com/dotnet/fundamentals/code-analysis/quality-rules/ca1707) [C:\Users\ASUS\.gemini\antigravity\scratch\VehicleVisionOCR\tests\VehicleVisionOCR.Backend.Tests\VehicleVisionOCR.Backend.Tests.csproj]
C:\Users\ASUS\.gemini\antigravity\scratch\VehicleVisionOCR\tests\VehicleVisionOCR.Backend.Tests\OcrCorrection\ColorCorrectionStrategyTests.cs(78,27): warning CA1707: Remove the underscores from member name VehicleVisionOCR.Backend.Tests.OcrCorrection.ColorCorrectionStrategyTests.CorrectAsync_ShouldReturnFuzzyMatch_WhenTypoExists() (https://learn.microsoft.com/dotnet/fundamentals/code-analysis/quality-rules/ca1707) [C:\Users\ASUS\.gemini\antigravity\scratch\VehicleVisionOCR\tests\VehicleVisionOCR.Backend.Tests\VehicleVisionOCR.Backend.Tests.csproj]
C:\Users\ASUS\.gemini\antigravity\scratch\VehicleVisionOCR\tests\VehicleVisionOCR.Backend.Tests\OcrCorrection\VinCandidateGeneratorTests.cs(72,27): warning CA1707: Remove the underscores from member name VehicleVisionOCR.Backend.Tests.OcrCorrection.VinCandidateGeneratorTests.GenerateCandidatesAsync_ShouldLimitCombinations_ToPreventExplosion() (https://learn.microsoft.com/dotnet/fundamentals/code-analysis/quality-rules/ca1707) [C:\Users\ASUS\.gemini\antigravity\scratch\VehicleVisionOCR\tests\VehicleVisionOCR.Backend.Tests\VehicleVisionOCR.Backend.Tests.csproj]
C:\Users\ASUS\.gemini\antigravity\scratch\VehicleVisionOCR\tests\VehicleVisionOCR.Backend.Tests\OcrCorrection\ColorCorrectionStrategyTests.cs(91,27): warning CA1707: Remove the underscores from member name VehicleVisionOCR.Backend.Tests.OcrCorrection.ColorCorrectionStrategyTests.CorrectAsync_ShouldReturnInvalid_ForUnknownColor() (https://learn.microsoft.com/dotnet/fundamentals/code-analysis/quality-rules/ca1707) [C:\Users\ASUS\.gemini\antigravity\scratch\VehicleVisionOCR\tests\VehicleVisionOCR.Backend.Tests\VehicleVisionOCR.Backend.Tests.csproj]
C:\Users\ASUS\.gemini\antigravity\scratch\VehicleVisionOCR\tests\VehicleVisionOCR.Backend.Tests\OcrCorrection\VinCorrectionStrategyTests.cs(81,27): warning CA1707: Remove the underscores from member name VehicleVisionOCR.Backend.Tests.OcrCorrection.VinCorrectionStrategyTests.CorrectAsync_ShouldFail_WhenScoreIsBelowThreshold() (https://learn.microsoft.com/dotnet/fundamentals/code-analysis/quality-rules/ca1707) [C:\Users\ASUS\.gemini\antigravity\scratch\VehicleVisionOCR\tests\VehicleVisionOCR.Backend.Tests\VehicleVisionOCR.Backend.Tests.csproj]
C:\Users\ASUS\.gemini\antigravity\scratch\VehicleVisionOCR\tests\VehicleVisionOCR.Backend.Tests\OcrCorrection\ColorCorrectionStrategyTests.cs(17,18): warning CA1001: Type 'ColorCorrectionStrategyTests' owns disposable field(s) '_cache' but is not disposable (https://learn.microsoft.com/dotnet/fundamentals/code-analysis/quality-rules/ca1001) [C:\Users\ASUS\.gemini\antigravity\scratch\VehicleVisionOCR\tests\VehicleVisionOCR.Backend.Tests\VehicleVisionOCR.Backend.Tests.csproj]
C:\Users\ASUS\.gemini\antigravity\scratch\VehicleVisionOCR\tests\VehicleVisionOCR.Backend.Tests\OcrCorrection\VinCorrectionStrategyTests.cs(17,18): warning CA1001: Type 'VinCorrectionStrategyTests' owns disposable field(s) '_cache' but is not disposable (https://learn.microsoft.com/dotnet/fundamentals/code-analysis/quality-rules/ca1001) [C:\Users\ASUS\.gemini\antigravity\scratch\VehicleVisionOCR\tests\VehicleVisionOCR.Backend.Tests\VehicleVisionOCR.Backend.Tests.csproj]
C:\Users\ASUS\.gemini\antigravity\scratch\VehicleVisionOCR\tests\VehicleVisionOCR.Backend.Tests\OcrCorrection\VinCandidateGeneratorTests.cs(17,18): warning CA1001: Type 'VinCandidateGeneratorTests' owns disposable field(s) '_cache' but is not disposable (https://learn.microsoft.com/dotnet/fundamentals/code-analysis/quality-rules/ca1001) [C:\Users\ASUS\.gemini\antigravity\scratch\VehicleVisionOCR\tests\VehicleVisionOCR.Backend.Tests\VehicleVisionOCR.Backend.Tests.csproj]
